// Jest Snapshot v1, https://goo.gl/fbAQLP

exports[`AlphabetListView Snapshot 1`] = `
<div
  class="AlphabetListView"
  data-reactid=".0"
/>
`;
